  KeyboardRebinder.cpp
C:\Users\iceco\source\repos\KeyboardRebinder\KeyboardRebinder.cpp(298,24): error C2440: '=': cannot convert from 'const char [23]' to 'LPCWSTR'
      C:\Users\iceco\source\repos\KeyboardRebinder\KeyboardRebinder.cpp(298,24):
      Types pointed to are unrelated; conversion requires reinterpret_cast, C-style cast or parenthesized function-style cast
  
C:\Users\iceco\source\repos\KeyboardRebinder\KeyboardRebinder.cpp(302,14): error C2664: 'HWND CreateWindowExW(DWORD,LPCWSTR,LPCWSTR,DWORD,int,int,int,int,HWND,HMENU,HINSTANCE,LPVOID)': cannot convert argument 2 from 'const char [23]' to 'LPCWSTR'
      C:\Users\iceco\source\repos\KeyboardRebinder\KeyboardRebinder.cpp(303,12):
      Types pointed to are unrelated; conversion requires reinterpret_cast, C-style cast or parenthesized function-style cast
      C:\Program Files (x86)\Windows Kits\10\Include\10.0.22621.0\um\winuser.h(4437,1):
      see declaration of 'CreateWindowExW'
      C:\Users\iceco\source\repos\KeyboardRebinder\KeyboardRebinder.cpp(302,14):
      while trying to match the argument list '(int, const char [23], const char [13], long, int, int, int, int, int, int, HMODULE, int)'
  
C:\Users\iceco\source\repos\KeyboardRebinder\KeyboardRebinder.cpp(409,5): error C2660: 'strcpy_s': function does not take 2 arguments
      C:\Program Files (x86)\Windows Kits\10\Include\10.0.22621.0\ucrt\string.h(32,30):
      see declaration of 'strcpy_s'
      C:\Program Files (x86)\Windows Kits\10\Include\10.0.22621.0\ucrt\string.h(124,1):
      could be 'errno_t strcpy_s(char (&)[_Size],const char *) throw()'
          C:\Users\iceco\source\repos\KeyboardRebinder\KeyboardRebinder.cpp(409,5):
          'errno_t strcpy_s(char (&)[_Size],const char *) throw()': could not deduce template argument for 'char (&)[_Size]' from 'WCHAR [128]'
      C:\Users\iceco\source\repos\KeyboardRebinder\KeyboardRebinder.cpp(409,5):
      while trying to match the argument list '(WCHAR [128], const char [22])'
  
C:\Users\iceco\source\repos\KeyboardRebinder\KeyboardRebinder.cpp(424,5): error C2664: 'BOOL InsertMenuW(HMENU,UINT,UINT,UINT_PTR,LPCWSTR)': cannot convert argument 5 from 'const _Elem *' to 'LPCWSTR'
C:\Users\iceco\source\repos\KeyboardRebinder\KeyboardRebinder.cpp(424,5): error C2664:         with
C:\Users\iceco\source\repos\KeyboardRebinder\KeyboardRebinder.cpp(424,5): error C2664:         [
C:\Users\iceco\source\repos\KeyboardRebinder\KeyboardRebinder.cpp(424,5): error C2664:             _Elem=char
C:\Users\iceco\source\repos\KeyboardRebinder\KeyboardRebinder.cpp(424,5): error C2664:         ]
      C:\Users\iceco\source\repos\KeyboardRebinder\KeyboardRebinder.cpp(424,86):
      Types pointed to are unrelated; conversion requires reinterpret_cast, C-style cast or parenthesized function-style cast
      C:\Program Files (x86)\Windows Kits\10\Include\10.0.22621.0\um\winuser.h(7609,1):
      see declaration of 'InsertMenuW'
      C:\Users\iceco\source\repos\KeyboardRebinder\KeyboardRebinder.cpp(424,5):
      while trying to match the argument list '(HMENU, int, long, int, const _Elem *)'
          with
          [
              _Elem=char
          ]
  
C:\Users\iceco\source\repos\KeyboardRebinder\KeyboardRebinder.cpp(425,5): error C2664: 'BOOL InsertMenuW(HMENU,UINT,UINT,UINT_PTR,LPCWSTR)': cannot convert argument 5 from 'const char [5]' to 'LPCWSTR'
      C:\Users\iceco\source\repos\KeyboardRebinder\KeyboardRebinder.cpp(425,68):
      Types pointed to are unrelated; conversion requires reinterpret_cast, C-style cast or parenthesized function-style cast
      C:\Program Files (x86)\Windows Kits\10\Include\10.0.22621.0\um\winuser.h(7609,1):
      see declaration of 'InsertMenuW'
      C:\Users\iceco\source\repos\KeyboardRebinder\KeyboardRebinder.cpp(425,5):
      while trying to match the argument list '(HMENU, int, long, int, const char [5])'
  
C:\Users\iceco\source\repos\KeyboardRebinder\KeyboardRebinder.cpp(442,5): error C2660: 'strcpy_s': function does not take 2 arguments
      C:\Program Files (x86)\Windows Kits\10\Include\10.0.22621.0\ucrt\string.h(32,30):
      see declaration of 'strcpy_s'
      C:\Program Files (x86)\Windows Kits\10\Include\10.0.22621.0\ucrt\string.h(124,1):
      could be 'errno_t strcpy_s(char (&)[_Size],const char *) throw()'
          C:\Users\iceco\source\repos\KeyboardRebinder\KeyboardRebinder.cpp(442,5):
          'errno_t strcpy_s(char (&)[_Size],const char *) throw()': could not deduce template argument for 'char (&)[_Size]' from 'WCHAR [128]'
      C:\Users\iceco\source\repos\KeyboardRebinder\KeyboardRebinder.cpp(442,5):
      while trying to match the argument list '(WCHAR [128], const _Elem *)'
          with
          [
              _Elem=char
          ]
  
